user@renu:~$ cat>grepfile.txt
welcome to ubuntu
linux and unix are commands
rgukt is one of the greatest university
^C
user@renu:~$ grep "welcome" grepfile.txt
welcome to ubuntu
user@renu:~$ grep -h "to" grepfile.txt
welcome to ubuntu
user@renu:~$ grep -n "one" grepfile.txt
3:rgukt is one of the greatest university
user@renu:~$ grep -e "one" "linux" -e "unix" grepfile.txt
grep: linux: No such file or directory
grepfile.txt:linux and unix are commands
grepfile.txt:rgukt is one of the greatest university
user@renu:~$ grep -e "linux" -e "linux" -e "unix" grepfile.txt
linux and unix are commands
user@renu:~$ grep -v "one" grepfile.txt
welcome to ubuntu
linux and unix are commands
user@renu:~$ grep -o "is" grepfile.txt
is
user@renu:~$ grep -o "o" grepfile.txt
o
o
o
o
o
user@renu:~$ grep -o "u" grepfile.txt
u
u
u
u
u
u
u
user@renu:~$ ^C
user@renu:~$ /////sort////
bash: /////sort////: No such file or directory
user@renu:~$ cat>monthfile.txt
feburary
march
june
may
january
december
july
october
^C
user@renu:~$ sort -n monthfile.txt
december
feburary
january
july
june
march
may
october
user@renu:~$ sort monthfile.txt
december
feburary
january
july
june
march
may
october
user@renu:~$ cat>number.txt
2
4
1
88
99
34
56
56
4
4
4
34
^C
user@renu:~$ sort -n number.txt
1
2
4
4
4
4
34
34
56
56
88
99
user@renu:~$ sort -u number.txt
1
2
34
4
56
88
99
user@renu:~$ cat>sedfile.txt
This is Renu
From CSE 
From E2^C
user@renu:~$ sed 's/renu/RENU/' sedfile.txt
This is Renu
From CSE 
user@renu:~$ sed '/from/d' grepfile.txt
welcome to ubuntu
linux and unix are commands
rgukt is one of the greatest university
user@renu:~$ sed '/from/d' sedfile.txt
This is Renu
From CSE 
user@renu:~$ sed'/rgukt/d' grepfile.txt
bash: sed/rgukt/d: No such file or directory
user@renu:~$ cat>awtfile.txt
renu storage id 0112
poojitha storage id 1349
ramya storage id 1569^C
user@renu:~$ awk '{print $1,$3}' awkfile.txt
awk: cannot open awkfile.txt (No such file or directory)
user@renu:~$ awk '{print $1,$3}' awkfile.txt
awk: cannot open awkfile.txt (No such file or directory)
user@renu:~$ awk '{print NR,$1}' awtfile.txt
1 renu
2 poojitha
user@renu:~$ awk  'NR==2{print NR,$0}' awtfile.txt
2 poojitha storage id 1349
user@renu:~$ 

